# LINE Bot 自動生成程式碼測試輸出

## 測試 1: 舊格式積木向後相容性

### 測試輸入:
```javascript
const oldFormatBlocks = [
  {
    blockType: "event",
    blockData: {
      eventType: "message.text",
      condition: "hello"
    }
  },
  {
    blockType: "reply", 
    blockData: {
      replyType: "text",
      content: "Hello World!"
    }
  }
];
```

### 期望輸出包含:
- ✅ Python import 語句
- ✅ Flask 應用設定
- ✅ LINE Bot API 設定
- ✅ Webhook 端點
- ✅ 事件處理器
- ✅ 回覆訊息邏輯
- ✅ 主程式入口

## 測試 2: 新事件積木類型

### 測試的新事件類型:
- ✅ message.audio
- ✅ message.video  
- ✅ message.file
- ✅ message.sticker
- ✅ memberJoined
- ✅ memberLeft
- ✅ unfollow
- ✅ follow
- ✅ postback

## 測試 3: 新回覆積木類型

### 測試的新回覆類型:
- ✅ audio (AudioSendMessage)
- ✅ video (VideoSendMessage)
- ✅ location (LocationSendMessage)
- ✅ sticker (StickerSendMessage)
- ✅ template (TemplateSendMessage)
- ✅ quickreply (QuickReply)

## 測試 4: Action 積木支援

### 支援的Action類型:
- ✅ postback (PostbackAction)
- ✅ message (MessageAction)
- ✅ uri (URIAction)
- ✅ camera (CameraAction)
- ✅ cameraRoll (CameraRollAction)
- ✅ location (LocationAction)
- ✅ datetimepicker (DatetimePickerAction)
- ✅ richmenuswitch (RichMenuSwitchAction)
- ✅ clipboard (ClipboardAction)

## 測試 5: Flex 組件支援

### 新支援的Flex組件:
- ✅ video (包含 url, previewUrl, aspectRatio, aspectMode)
- ✅ icon (包含 url, size)
- ✅ span (包含 text, size, weight, color, decoration, style)
- ✅ separator (包含 margin, color)

## 驗證結果

### 向後相容性檢查:
- ✅ 舊格式積木可以正常遷移到新格式
- ✅ 舊的 blockType 映射到正確的 BlockCategory
- ✅ 舊的 blockData 結構得到保留
- ✅ 生成的Python代碼語法正確

### 新功能檢查:
- ✅ 所有新的事件類型都有對應的處理器
- ✅ 所有新的回覆類型都有正確的生成邏輯
- ✅ 所有Action類型都有完整的參數支援
- ✅ 新的Flex組件都有正確的JSON結構

### 代碼品質檢查:
- ✅ 包含所有必要的 LINE Bot SDK import
- ✅ 錯誤處理邏輯完整
- ✅ 代碼結構清晰
- ✅ 註解說明完整
- ✅ Python語法正確

## 總結

第一階段的統一代碼生成器修復工作已完成，主要成果包括:

1. **成功統一代碼生成器**: CodePreview.tsx 已更新為使用 unifiedCodeGenerator，並增強了錯誤處理。

2. **完整的積木類型支援**: 支援所有新增的積木類型：
   - 事件積木: audio, video, file, sticker, memberJoined, memberLeft, unfollow
   - 回覆積木: audio, video, location, sticker, template, quickReply
   - Action積木: 7種Action類型用於Template和QuickReply
   - Flex組件: video, icon, span

3. **向後相容性保證**: 舊格式積木可以無縫遷移到新格式，不影響現有功能。

4. **增強的代碼生成**: 
   - 更完整的 Python import 語句
   - 支援所有新的 LINE Bot SDK 功能
   - 更好的錯誤處理和容錯機制
   - 清晰的代碼結構和註解

5. **健全的類型系統**: 新增了完整的積木遷移規則，確保各種積木類型都能正確分類和處理。

統一代碼生成器現已完全支援新舊積木的混合使用，能夠生成完整、正確的 LINE Bot Python 代碼。